  Determinando los proyectos que se van a restaurar...
  Todos los proyectos estﾃ｡n actualizados para la restauraciﾃｳn.
  ProductosAPI -> C:\Users\fabri\Desktop\Proyecto Calidad\IntegracionSistemaHotel\ProductosAPI\bin\Debug\net8.0\ProductosAPI.dll
  ProductosAPI.Tests -> C:\Users\fabri\Desktop\Proyecto Calidad\IntegracionSistemaHotel\ProductosAPI.Tests\bin\Debug\net9.0\ProductosAPI.Tests.dll
Serie de pruebas para C:\Users\fabri\Desktop\Proyecto Calidad\IntegracionSistemaHotel\ProductosAPI.Tests\bin\Debug\net9.0\ProductosAPI.Tests.dll (.NETCoreApp,Version=v9.0)
Versiﾃｳn 17.14.1 (x64) de VSTest

Iniciando la ejecuciﾃｳn de pruebas, espere...
1 archivos de prueba en total coincidieron con el patrﾃｳn especificado.
  Con error ProductosAPI.Tests.UsuarioModelTests.Usuario_InvalidEmail_ReturnsError [9 ms]
  Mensaje de error:
   Assert.Contains() Failure: Filter not matched in collection
Collection: [El formato del correo no es vﾃ｡lido.]
  Seguimiento de la pila:
     at ProductosAPI.Tests.UsuarioModelTests.Usuario_InvalidEmail_ReturnsError() in C:\Users\fabri\Desktop\Proyecto Calidad\IntegracionSistemaHotel\ProductosAPI.Tests\UsuarioModelTests.cs:line 50
   at System.RuntimeMethodHandle.InvokeMethod(Object target, Void** arguments, Signature sig, Boolean isConstructor)
   at System.Reflection.MethodBaseInvoker.InvokeWithNoArgs(Object obj, BindingFlags invokeAttr)
  Con error ProductosAPI.Tests.UsuarioModelTests.Usuario_MissingPasswordHash_ReturnsError [< 1 ms]
  Mensaje de error:
   Assert.Contains() Failure: Filter not matched in collection
Collection: [La contraseﾃｱa es obligatoria.]
  Seguimiento de la pila:
     at ProductosAPI.Tests.UsuarioModelTests.Usuario_MissingPasswordHash_ReturnsError() in C:\Users\fabri\Desktop\Proyecto Calidad\IntegracionSistemaHotel\ProductosAPI.Tests\UsuarioModelTests.cs:line 64
   at System.RuntimeMethodHandle.InvokeMethod(Object target, Void** arguments, Signature sig, Boolean isConstructor)
   at System.Reflection.MethodBaseInvoker.InvokeWithNoArgs(Object obj, BindingFlags invokeAttr)
  Con error ProductosAPI.Tests.UsuarioModelTests.Usuario_InvalidIdRol_ReturnsError [< 1 ms]
  Mensaje de error:
   Assert.Contains() Failure: Filter not matched in collection
Collection: [Debe seleccionar un rol vﾃ｡lido.]
  Seguimiento de la pila:
     at ProductosAPI.Tests.UsuarioModelTests.Usuario_InvalidIdRol_ReturnsError() in C:\Users\fabri\Desktop\Proyecto Calidad\IntegracionSistemaHotel\ProductosAPI.Tests\UsuarioModelTests.cs:line 79
   at System.RuntimeMethodHandle.InvokeMethod(Object target, Void** arguments, Signature sig, Boolean isConstructor)
   at System.Reflection.MethodBaseInvoker.InvokeWithNoArgs(Object obj, BindingFlags invokeAttr)
  Con error ProductosAPI.Tests.UsuarioControllerTests.GetUsuario_ExistingId_ReturnsUsuario [2 ms]
  Mensaje de error:
   Assert.IsType() Failure: Value is null
Expected: typeof(ProductosAPI.Models.Usuario)
Actual:   null
  Seguimiento de la pila:
     at ProductosAPI.Tests.UsuarioControllerTests.GetUsuario_ExistingId_ReturnsUsuario() in C:\Users\fabri\Desktop\Proyecto Calidad\IntegracionSistemaHotel\ProductosAPI.Tests\UsuarioControllerTests.cs:line 38
--- End of stack trace from previous location ---
  Con error ProductosAPI.Tests.AuthControllerTests.Login_InvalidCredentials_ReturnsUnauthorized [1 ms]
  Mensaje de error:
   Assert.Equal() Failure: Strings differ
                           竊・(pos 16)
Expected: "Credenciales inv?lidas"
Actual:   "Credenciales invﾃ｡lidas"
                           竊・(pos 16)
  Seguimiento de la pila:
     at ProductosAPI.Tests.AuthControllerTests.Login_InvalidCredentials_ReturnsUnauthorized() in C:\Users\fabri\Desktop\Proyecto Calidad\IntegracionSistemaHotel\ProductosAPI.Tests\AuthControllerTests.cs:line 106
--- End of stack trace from previous location ---

Con error! - Con error:     5, Superado:    14, Omitido:     0, Total:    19, Duraciﾃｳn: 915 ms - ProductosAPI.Tests.dll (net9.0)
